#
# There is insufficient memory for the Java Runtime Environment to continue.
# Native memory allocation (malloc) failed to allocate 1577504 bytes. Error detail: Chunk::new
# Possible reasons:
#   The system is out of physical RAM or swap space
#   This process is running with CompressedOops enabled, and the Java Heap may be blocking the growth of the native heap
# Possible solutions:
#   Reduce memory load on the system
#   Increase physical memory or swap space
#   Check if swap backing store is full
#   Decrease Java heap size (-Xmx/-Xms)
#   Decrease number of Java threads
#   Decrease Java thread stack sizes (-Xss)
#   Set larger code cache with -XX:ReservedCodeCacheSize=
#   JVM is running with Zero Based Compressed Oops mode in which the Java heap is
#     placed in the first 32GB address space. The Java Heap base address is the
#     maximum limit for the native heap growth. Please use -XX:HeapBaseMinAddress
#     to set the Java Heap base and to place the Java Heap above 32GB virtual address.
# This output file may be truncated or incomplete.
#
#  Out of Memory Error (arena.cpp:191), pid=11456, tid=17996
#
# JRE version: OpenJDK Runtime Environment Microsoft-11369865 (17.0.15+6) (build 17.0.15+6-LTS)
# Java VM: OpenJDK 64-Bit Server VM Microsoft-11369865 (17.0.15+6-LTS, mixed mode, sharing, tiered, compressed oops, compressed class ptrs, g1 gc, windows-amd64)
# No core dump will be written. Minidumps are not enabled by default on client versions of Windows
#

---------------  S U M M A R Y ------------

Command Line: -javaagent:C:\Program Files\JetBrains\IntelliJ IDEA Community Edition 2025.1\lib\idea_rt.jar=64892 -Dfile.encoding=UTF-8 com.example.BE.BeApplication

Host: Intel(R) Core(TM) i5-10210U CPU @ 1.60GHz, 8 cores, 15G,  Windows 11 , 64 bit Build 26100 (10.0.26100.7019)
Time: Tue Jun 16 21:28:39 2026 SE Asia Standard Time elapsed time: 10.330801 seconds (0d 0h 0m 10s)

---------------  T H R E A D  ---------------

Current thread (0x000001d4701aea90):  JavaThread "C2 CompilerThread2" daemon [_thread_in_native, id=17996, stack(0x00000010e3f00000,0x00000010e4000000)]


Current CompileTask:
C2:  10330 5415       4       org.aspectj.weaver.World::resolve (7 bytes)

Stack: [0x00000010e3f00000,0x00000010e4000000]
Native frames: (J=compiled Java code, j=interpreted, Vv=VM code, C=native code)
V  [jvm.dll+0x6887a9]
V  [jvm.dll+0x83f5a8]
V  [jvm.dll+0x841053]
V  [jvm.dll+0x8416c3]
V  [jvm.dll+0x2496ef]
V  [jvm.dll+0xad134]
V  [jvm.dll+0xad7cc]
V  [jvm.dll+0x36af2e]
V  [jvm.dll+0x1bce62]
V  [jvm.dll+0x21aa7c]
V  [jvm.dll+0x219d3f]
V  [jvm.dll+0x1a55f6]
V  [jvm.dll+0x22a39a]
V  [jvm.dll+0x2284db]
V  [jvm.dll+0x7f4e28]
V  [jvm.dll+0x7ef2dc]
V  [jvm.dll+0x687687]
C  [ucrtbase.dll+0x37b0]
C  [KERNEL32.DLL+0x2e8d7]
C  [ntdll.dll+0x8c53c]


---------------  P R O C E S S  ---------------

Threads class SMR info:
_java_thread_list=0x000001d471e327a0, length=21, elements={
0x000001d4069e8fc0, 0x000001d4298fce00, 0x000001d4298fd8d0, 0x000001d429910a00,
0x000001d4299112d0, 0x000001d429911ba0, 0x000001d429912470, 0x000001d429913120,
0x000001d429915af0, 0x000001d429923430, 0x000001d429a23a00, 0x000001d429a5a3b0,
0x000001d429ae5f70, 0x000001d429ae6450, 0x000001d46f807390, 0x000001d46f3cad20,
0x000001d4701aea90, 0x000001d46ff75060, 0x000001d46ff75570, 0x000001d46ff769b0,
0x000001d46ff75a80
}

Java Threads: ( => current thread )
  0x000001d4069e8fc0 JavaThread "main" [_thread_blocked, id=16164, stack(0x00000010e2000000,0x00000010e2100000)]
  0x000001d4298fce00 JavaThread "Reference Handler" daemon [_thread_blocked, id=14832, stack(0x00000010e2700000,0x00000010e2800000)]
  0x000001d4298fd8d0 JavaThread "Finalizer" daemon [_thread_blocked, id=3804, stack(0x00000010e2800000,0x00000010e2900000)]
  0x000001d429910a00 JavaThread "Signal Dispatcher" daemon [_thread_blocked, id=16072, stack(0x00000010e2900000,0x00000010e2a00000)]
  0x000001d4299112d0 JavaThread "Attach Listener" daemon [_thread_blocked, id=13488, stack(0x00000010e2a00000,0x00000010e2b00000)]
  0x000001d429911ba0 JavaThread "Service Thread" daemon [_thread_blocked, id=17732, stack(0x00000010e2b00000,0x00000010e2c00000)]
  0x000001d429912470 JavaThread "Monitor Deflation Thread" daemon [_thread_blocked, id=18344, stack(0x00000010e2c00000,0x00000010e2d00000)]
  0x000001d429913120 JavaThread "C2 CompilerThread0" daemon [_thread_in_native, id=17592, stack(0x00000010e2d00000,0x00000010e2e00000)]
  0x000001d429915af0 JavaThread "C1 CompilerThread0" daemon [_thread_blocked, id=13008, stack(0x00000010e2e00000,0x00000010e2f00000)]
  0x000001d429923430 JavaThread "Sweeper thread" daemon [_thread_blocked, id=1608, stack(0x00000010e2f00000,0x00000010e3000000)]
  0x000001d429a23a00 JavaThread "Common-Cleaner" daemon [_thread_blocked, id=4868, stack(0x00000010e3000000,0x00000010e3100000)]
  0x000001d429a5a3b0 JavaThread "C2 CompilerThread1" daemon [_thread_in_native, id=18320, stack(0x00000010e3100000,0x00000010e3200000)]
  0x000001d429ae5f70 JavaThread "Monitor Ctrl-Break" daemon [_thread_in_native, id=17120, stack(0x00000010e3200000,0x00000010e3300000)]
  0x000001d429ae6450 JavaThread "Notification Thread" daemon [_thread_blocked, id=16884, stack(0x00000010e3300000,0x00000010e3400000)]
  0x000001d46f807390 JavaThread "Thread-0" [_thread_blocked, id=11916, stack(0x00000010e3a00000,0x00000010e3b00000)]
  0x000001d46f3cad20 JavaThread "restartedMain" [_thread_in_Java, id=14996, stack(0x00000010e3b00000,0x00000010e3c00000)]
=>0x000001d4701aea90 JavaThread "C2 CompilerThread2" daemon [_thread_in_native, id=17996, stack(0x00000010e3f00000,0x00000010e4000000)]
  0x000001d46ff75060 JavaThread "Catalina-utility-1" [_thread_blocked, id=16476, stack(0x00000010e3e00000,0x00000010e3f00000)]
  0x000001d46ff75570 JavaThread "Catalina-utility-2" [_thread_blocked, id=13852, stack(0x00000010e4100000,0x00000010e4200000)]
  0x000001d46ff769b0 JavaThread "container-0" [_thread_blocked, id=15644, stack(0x00000010e4200000,0x00000010e4300000)]
  0x000001d46ff75a80 JavaThread "mysql-cj-abandoned-connection-cleanup" daemon [_thread_blocked, id=9760, stack(0x00000010e4300000,0x00000010e4400000)]

Other Threads:
  0x000001d4298f79b0 VMThread "VM Thread" [stack: 0x00000010e2600000,0x00000010e2700000] [id=8236]
  0x000001d429ae6930 WatcherThread [stack: 0x00000010e3400000,0x00000010e3500000] [id=18048]
  0x000001d406a56570 GCTaskThread "GC Thread#0" [stack: 0x00000010e2100000,0x00000010e2200000] [id=15256]
  0x000001d46f3cc640 GCTaskThread "GC Thread#1" [stack: 0x00000010e3500000,0x00000010e3600000] [id=18212]
  0x000001d46f3cc900 GCTaskThread "GC Thread#2" [stack: 0x00000010e3600000,0x00000010e3700000] [id=17260]
  0x000001d46f937690 GCTaskThread "GC Thread#3" [stack: 0x00000010e3700000,0x00000010e3800000] [id=16400]
  0x000001d46f937950 GCTaskThread "GC Thread#4" [stack: 0x00000010e3800000,0x00000010e3900000] [id=18088]
  0x000001d46f937c10 GCTaskThread "GC Thread#5" [stack: 0x00000010e3900000,0x00000010e3a00000] [id=17652]
  0x000001d46fdf4e60 GCTaskThread "GC Thread#6" [stack: 0x00000010e3c00000,0x00000010e3d00000] [id=12284]
  0x000001d46fd78040 GCTaskThread "GC Thread#7" [stack: 0x00000010e3d00000,0x00000010e3e00000] [id=15632]
  0x000001d406a67180 ConcurrentGCThread "G1 Main Marker" [stack: 0x00000010e2200000,0x00000010e2300000] [id=17876]
  0x000001d406a68620 ConcurrentGCThread "G1 Conc#0" [stack: 0x00000010e2300000,0x00000010e2400000] [id=7308]
  0x000001d470e8afe0 ConcurrentGCThread "G1 Conc#1" [stack: 0x00000010e4000000,0x00000010e4100000] [id=15764]
  0x000001d42979e630 ConcurrentGCThread "G1 Refine#0" [stack: 0x00000010e2400000,0x00000010e2500000] [id=12980]
  0x000001d42979ef70 ConcurrentGCThread "G1 Service" [stack: 0x00000010e2500000,0x00000010e2600000] [id=17576]

Threads with active compile tasks:
C2 CompilerThread0    10355 5272       4       java.util.regex.Matcher::replaceAll (59 bytes)
C2 CompilerThread1    10355 5527   !   4       java.util.concurrent.ConcurrentHashMap::putVal (432 bytes)
C2 CompilerThread2    10356 5415       4       org.aspectj.weaver.World::resolve (7 bytes)

VM state: not at safepoint (normal execution)

VM Mutex/Monitor currently owned by a thread: None

Heap address: 0x0000000703a00000, size: 4038 MB, Compressed Oops mode: Zero based, Oop shift amount: 3

CDS archive(s) mapped at: [0x000001d42a000000-0x000001d42abb0000-0x000001d42abb0000), size 12255232, SharedBaseAddress: 0x000001d42a000000, ArchiveRelocationMode: 1.
Compressed class space mapped at: 0x000001d42b000000-0x000001d46b000000, reserved size: 1073741824
Narrow klass base: 0x000001d42a000000, Narrow klass shift: 0, Narrow klass range: 0x100000000

GC Precious Log:
 CPUs: 8 total, 8 available
 Memory: 16144M
 Large Page Support: Disabled
 NUMA Support: Disabled
 Compressed Oops: Enabled (Zero based)
 Heap Region Size: 2M
 Heap Min Capacity: 8M
 Heap Initial Capacity: 254M
 Heap Max Capacity: 4038M
 Pre-touch: Disabled
 Parallel Workers: 8
 Concurrent Workers: 2
 Concurrent Refinement Workers: 8
 Periodic GC: Disabled

Heap:
 garbage-first heap   total 157696K, used 108069K [0x0000000703a00000, 0x0000000800000000)
  region size 2048K, 43 young (88064K), 1 survivors (2048K)
 Metaspace       used 45345K, committed 45888K, reserved 1114112K
  class space    used 6002K, committed 6272K, reserved 1048576K

Heap Regions: E=young(eden), S=young(survivor), O=old, HS=humongous(starts), HC=humongous(continues), CS=collection set, F=free, OA=open archive, CA=closed archive, TAMS=top-at-mark-start (previous, next)
|   0|0x0000000703a00000, 0x0000000703c00000, 0x0000000703c00000|100%| O|  |TAMS 0x0000000703c00000, 0x0000000703a00000| Untracked 
|   1|0x0000000703c00000, 0x0000000703e00000, 0x0000000703e00000|100%| O|  |TAMS 0x0000000703e00000, 0x0000000703c00000| Untracked 
|   2|0x0000000703e00000, 0x0000000704000000, 0x0000000704000000|100%| O|  |TAMS 0x0000000704000000, 0x0000000703e00000| Untracked 
|   3|0x0000000704000000, 0x0000000704200000, 0x0000000704200000|100%| O|  |TAMS 0x0000000704200000, 0x0000000704000000| Untracked 
|   4|0x0000000704200000, 0x0000000704400000, 0x0000000704400000|100%| O|  |TAMS 0x0000000704400000, 0x0000000704200000| Untracked 
|   5|0x0000000704400000, 0x0000000704600000, 0x0000000704600000|100%| O|  |TAMS 0x0000000704600000, 0x0000000704400000| Untracked 
|   6|0x0000000704600000, 0x0000000704800000, 0x0000000704800000|100%| O|  |TAMS 0x0000000704800000, 0x0000000704600000| Untracked 
|   7|0x0000000704800000, 0x0000000704a00000, 0x0000000704a00000|100%| O|  |TAMS 0x0000000704a00000, 0x0000000704800000| Untracked 
|   8|0x0000000704a00000, 0x0000000704c00000, 0x0000000704c00000|100%| O|  |TAMS 0x0000000704c00000, 0x0000000704a00000| Untracked 
|   9|0x0000000704c00000, 0x0000000704e00000, 0x0000000704e00000|100%| O|  |TAMS 0x0000000704c8fa00, 0x0000000704c00000| Untracked 
|  10|0x0000000704e00000, 0x0000000704f8f600, 0x0000000705000000| 78%| O|  |TAMS 0x0000000704e00000, 0x0000000704e00000| Untracked 
|  11|0x0000000705000000, 0x0000000705000000, 0x0000000705200000|  0%| F|  |TAMS 0x0000000705000000, 0x0000000705000000| Untracked 
|  12|0x0000000705200000, 0x0000000705200000, 0x0000000705400000|  0%| F|  |TAMS 0x0000000705200000, 0x0000000705200000| Untracked 
|  13|0x0000000705400000, 0x0000000705400000, 0x0000000705600000|  0%| F|  |TAMS 0x0000000705400000, 0x0000000705400000| Untracked 
|  14|0x0000000705600000, 0x0000000705600000, 0x0000000705800000|  0%| F|  |TAMS 0x0000000705600000, 0x0000000705600000| Untracked 
|  15|0x0000000705800000, 0x0000000705800000, 0x0000000705a00000|  0%| F|  |TAMS 0x0000000705800000, 0x0000000705800000| Untracked 
|  16|0x0000000705a00000, 0x0000000705a00000, 0x0000000705c00000|  0%| F|  |TAMS 0x0000000705a00000, 0x0000000705a00000| Untracked 
|  17|0x0000000705c00000, 0x0000000705dfa100, 0x0000000705e00000| 98%| S|CS|TAMS 0x0000000705c00000, 0x0000000705c00000| Complete 
|  18|0x0000000705e00000, 0x0000000705e00000, 0x0000000706000000|  0%| F|  |TAMS 0x0000000705e00000, 0x0000000705e00000| Untracked 
|  19|0x0000000706000000, 0x0000000706000000, 0x0000000706200000|  0%| F|  |TAMS 0x0000000706000000, 0x0000000706000000| Untracked 
|  20|0x0000000706200000, 0x0000000706200000, 0x0000000706400000|  0%| F|  |TAMS 0x0000000706200000, 0x0000000706200000| Untracked 
|  21|0x0000000706400000, 0x0000000706400000, 0x0000000706600000|  0%| F|  |TAMS 0x0000000706400000, 0x0000000706400000| Untracked 
|  22|0x0000000706600000, 0x0000000706600000, 0x0000000706800000|  0%| F|  |TAMS 0x0000000706600000, 0x0000000706600000| Untracked 
|  23|0x0000000706800000, 0x0000000706800000, 0x0000000706a00000|  0%| F|  |TAMS 0x0000000706800000, 0x0000000706800000| Untracked 
|  24|0x0000000706a00000, 0x0000000706a00000, 0x0000000706c00000|  0%| F|  |TAMS 0x0000000706a00000, 0x0000000706a00000| Untracked 
|  25|0x0000000706c00000, 0x0000000706c00000, 0x0000000706e00000|  0%| F|  |TAMS 0x0000000706c00000, 0x0000000706c00000| Untracked 
|  26|0x0000000706e00000, 0x0000000706e00000, 0x0000000707000000|  0%| F|  |TAMS 0x0000000706e00000, 0x0000000706e00000| Untracked 
|  27|0x0000000707000000, 0x0000000707000000, 0x0000000707200000|  0%| F|  |TAMS 0x0000000707000000, 0x0000000707000000| Untracked 
|  28|0x0000000707200000, 0x0000000707200000, 0x0000000707400000|  0%| F|  |TAMS 0x0000000707200000, 0x0000000707200000| Untracked 
|  29|0x0000000707400000, 0x0000000707400000, 0x0000000707600000|  0%| F|  |TAMS 0x0000000707400000, 0x0000000707400000| Untracked 
|  30|0x0000000707600000, 0x0000000707600000, 0x0000000707800000|  0%| F|  |TAMS 0x0000000707600000, 0x0000000707600000| Untracked 
|  31|0x0000000707800000, 0x0000000707800000, 0x0000000707a00000|  0%| F|  |TAMS 0x0000000707800000, 0x0000000707800000| Untracked 
|  32|0x0000000707a00000, 0x0000000707a00000, 0x0000000707c00000|  0%| F|  |TAMS 0x0000000707a00000, 0x0000000707a00000| Untracked 
|  33|0x0000000707c00000, 0x0000000707c00000, 0x0000000707e00000|  0%| F|  |TAMS 0x0000000707c00000, 0x0000000707c00000| Untracked 
|  34|0x0000000707e00000, 0x0000000707e00000, 0x0000000708000000|  0%| F|  |TAMS 0x0000000707e00000, 0x0000000707e00000| Untracked 
|  35|0x0000000708000000, 0x0000000708200000, 0x0000000708200000|100%| E|  |TAMS 0x0000000708000000, 0x0000000708000000| Complete 
|  36|0x0000000708200000, 0x0000000708400000, 0x0000000708400000|100%| E|CS|TAMS 0x0000000708200000, 0x0000000708200000| Complete 
|  37|0x0000000708400000, 0x0000000708600000, 0x0000000708600000|100%| E|CS|TAMS 0x0000000708400000, 0x0000000708400000| Complete 
|  38|0x0000000708600000, 0x0000000708800000, 0x0000000708800000|100%| E|CS|TAMS 0x0000000708600000, 0x0000000708600000| Complete 
|  39|0x0000000708800000, 0x0000000708a00000, 0x0000000708a00000|100%| E|CS|TAMS 0x0000000708800000, 0x0000000708800000| Complete 
|  40|0x0000000708a00000, 0x0000000708c00000, 0x0000000708c00000|100%| E|CS|TAMS 0x0000000708a00000, 0x0000000708a00000| Complete 
|  41|0x0000000708c00000, 0x0000000708e00000, 0x0000000708e00000|100%| E|CS|TAMS 0x0000000708c00000, 0x0000000708c00000| Complete 
|  42|0x0000000708e00000, 0x0000000709000000, 0x0000000709000000|100%| E|CS|TAMS 0x0000000708e00000, 0x0000000708e00000| Complete 
|  43|0x0000000709000000, 0x0000000709200000, 0x0000000709200000|100%| E|CS|TAMS 0x0000000709000000, 0x0000000709000000| Complete 
|  44|0x0000000709200000, 0x0000000709400000, 0x0000000709400000|100%| E|CS|TAMS 0x0000000709200000, 0x0000000709200000| Complete 
|  45|0x0000000709400000, 0x0000000709600000, 0x0000000709600000|100%| E|CS|TAMS 0x0000000709400000, 0x0000000709400000| Complete 
|  46|0x0000000709600000, 0x0000000709800000, 0x0000000709800000|100%| E|CS|TAMS 0x0000000709600000, 0x0000000709600000| Complete 
|  47|0x0000000709800000, 0x0000000709a00000, 0x0000000709a00000|100%| E|CS|TAMS 0x0000000709800000, 0x0000000709800000| Complete 
|  48|0x0000000709a00000, 0x0000000709c00000, 0x0000000709c00000|100%| E|CS|TAMS 0x0000000709a00000, 0x0000000709a00000| Complete 
|  49|0x0000000709c00000, 0x0000000709e00000, 0x0000000709e00000|100%| E|CS|TAMS 0x0000000709c00000, 0x0000000709c00000| Complete 
|  50|0x0000000709e00000, 0x000000070a000000, 0x000000070a000000|100%| E|CS|TAMS 0x0000000709e00000, 0x0000000709e00000| Complete 
|  51|0x000000070a000000, 0x000000070a200000, 0x000000070a200000|100%| E|CS|TAMS 0x000000070a000000, 0x000000070a000000| Complete 
|  52|0x000000070a200000, 0x000000070a400000, 0x000000070a400000|100%| E|CS|TAMS 0x000000070a200000, 0x000000070a200000| Complete 
|  53|0x000000070a400000, 0x000000070a600000, 0x000000070a600000|100%| E|CS|TAMS 0x000000070a400000, 0x000000070a400000| Complete 
|  54|0x000000070a600000, 0x000000070a800000, 0x000000070a800000|100%| E|CS|TAMS 0x000000070a600000, 0x000000070a600000| Complete 
|  55|0x000000070a800000, 0x000000070aa00000, 0x000000070aa00000|100%| E|CS|TAMS 0x000000070a800000, 0x000000070a800000| Complete 
|  56|0x000000070aa00000, 0x000000070ac00000, 0x000000070ac00000|100%| E|CS|TAMS 0x000000070aa00000, 0x000000070aa00000| Complete 
|  57|0x000000070ac00000, 0x000000070ae00000, 0x000000070ae00000|100%| E|CS|TAMS 0x000000070ac00000, 0x000000070ac00000| Complete 
|  58|0x000000070ae00000, 0x000000070b000000, 0x000000070b000000|100%| E|CS|TAMS 0x000000070ae00000, 0x000000070ae00000| Complete 
|  59|0x000000070b000000, 0x000000070b200000, 0x000000070b200000|100%| E|CS|TAMS 0x000000070b000000, 0x000000070b000000| Complete 
|  60|0x000000070b200000, 0x000000070b400000, 0x000000070b400000|100%| E|CS|TAMS 0x000000070b200000, 0x000000070b200000| Complete 
|  61|0x000000070b400000, 0x000000070b600000, 0x000000070b600000|100%| E|CS|TAMS 0x000000070b400000, 0x000000070b400000| Complete 
|  62|0x000000070b600000, 0x000000070b800000, 0x000000070b800000|100%| E|CS|TAMS 0x000000070b600000, 0x000000070b600000| Complete 
|  63|0x000000070b800000, 0x000000070ba00000, 0x000000070ba00000|100%| E|CS|TAMS 0x000000070b800000, 0x000000070b800000| Complete 
|  64|0x000000070ba00000, 0x000000070bc00000, 0x000000070bc00000|100%| E|CS|TAMS 0x000000070ba00000, 0x000000070ba00000| Complete 
|  65|0x000000070bc00000, 0x000000070be00000, 0x000000070be00000|100%| E|CS|TAMS 0x000000070bc00000, 0x000000070bc00000| Complete 
|  66|0x000000070be00000, 0x000000070c000000, 0x000000070c000000|100%| E|CS|TAMS 0x000000070be00000, 0x000000070be00000| Complete 
|  67|0x000000070c000000, 0x000000070c200000, 0x000000070c200000|100%| E|CS|TAMS 0x000000070c000000, 0x000000070c000000| Complete 
|  68|0x000000070c200000, 0x000000070c400000, 0x000000070c400000|100%| E|CS|TAMS 0x000000070c200000, 0x000000070c200000| Complete 
|  69|0x000000070c400000, 0x000000070c600000, 0x000000070c600000|100%| E|CS|TAMS 0x000000070c400000, 0x000000070c400000| Complete 
|  70|0x000000070c600000, 0x000000070c800000, 0x000000070c800000|100%| E|CS|TAMS 0x000000070c600000, 0x000000070c600000| Complete 
|  71|0x000000070c800000, 0x000000070ca00000, 0x000000070ca00000|100%| E|CS|TAMS 0x000000070c800000, 0x000000070c800000| Complete 
|  72|0x000000070ca00000, 0x000000070cc00000, 0x000000070cc00000|100%| E|CS|TAMS 0x000000070ca00000, 0x000000070ca00000| Complete 
|  98|0x000000070fe00000, 0x0000000710000000, 0x0000000710000000|100%| E|CS|TAMS 0x000000070fe00000, 0x000000070fe00000| Complete 
|  99|0x0000000710000000, 0x0000000710200000, 0x0000000710200000|100%| E|CS|TAMS 0x0000000710000000, 0x0000000710000000| Complete 
| 100|0x0000000710200000, 0x0000000710400000, 0x0000000710400000|100%| E|CS|TAMS 0x0000000710200000, 0x0000000710200000| Complete 
| 126|0x0000000713600000, 0x0000000713800000, 0x0000000713800000|100%| E|CS|TAMS 0x0000000713600000, 0x0000000713600000| Complete 

Card table byte_map: [0x000001d41e050000,0x000001d41e840000] _byte_map_base: 0x000001d41a833000

Marking Bits (Prev, Next): (CMBitMap*) 0x000001d406a56aa0, (CMBitMap*) 0x000001d406a56ae0
 Prev Bits: [0x000001d41f030000, 0x000001d422f48000)
 Next Bits: [0x000001d422f50000, 0x000001d426e68000)

Polling page: 0x000001d404870000

Metaspace:

Usage:
  Non-class:     38.44 MB used.
      Class:      5.87 MB used.
       Both:     44.32 MB used.

Virtual space:
  Non-class space:       64.00 MB reserved,      38.69 MB ( 60%) committed,  1 nodes.
      Class space:        1.00 GB reserved,       6.12 MB ( <1%) committed,  1 nodes.
             Both:        1.06 GB reserved,      44.81 MB (  4%) committed. 

Chunk freelists:
   Non-Class:  8.77 MB
       Class:  9.86 MB
        Both:  18.62 MB

MaxMetaspaceSize: unlimited
CompressedClassSpaceSize: 1.00 GB
Initial GC threshold: 21.00 MB
Current GC threshold: 58.88 MB
CDS: on
MetaspaceReclaimPolicy: balanced
 - commit_granule_bytes: 65536.
 - commit_granule_words: 8192.
 - virtual_space_node_default_size: 8388608.
 - enlarge_chunks_in_place: 1.
 - new_chunks_are_fully_committed: 0.
 - uncommit_free_chunks: 1.
 - use_allocation_guard: 0.
 - handle_deallocations: 1.


Internal statistics:

num_allocs_failed_limit: 6.
num_arena_births: 586.
num_arena_deaths: 0.
num_vsnodes_births: 2.
num_vsnodes_deaths: 0.
num_space_committed: 717.
num_space_uncommitted: 0.
num_chunks_returned_to_freelist: 6.
num_chunks_taken_from_freelist: 2249.
num_chunk_merges: 6.
num_chunk_splits: 1583.
num_chunks_enlarged: 1205.
num_inconsistent_stats: 0.

CodeHeap 'non-profiled nmethods': size=120000Kb used=3314Kb max_used=3314Kb free=116685Kb
 bounds [0x000001d415ff0000, 0x000001d416330000, 0x000001d41d520000]
CodeHeap 'profiled nmethods': size=120000Kb used=10245Kb max_used=10245Kb free=109754Kb
 bounds [0x000001d40e520000, 0x000001d40ef30000, 0x000001d415a50000]
CodeHeap 'non-nmethods': size=5760Kb used=1239Kb max_used=1373Kb free=4520Kb
 bounds [0x000001d415a50000, 0x000001d415cc0000, 0x000001d415ff0000]
 total_blobs=5355 nmethods=4807 adapters=460
 compilation: enabled
              stopped_count=0, restarted_count=0
 full_count=0

Compilation events (20 events):
Event: 10.183 Thread 0x000001d429913120 5324       4       java.util.regex.Pattern$$Lambda$18/0x800000028::is (9 bytes)
Event: 10.184 Thread 0x000001d429913120 nmethod 5324 0x000001d4161ab190 code [0x000001d4161ab300, 0x000001d4161ab398]
Event: 10.184 Thread 0x000001d429913120 5205       4       org.aspectj.weaver.UnresolvedType::forSignature (346 bytes)
Event: 10.187 Thread 0x000001d429913120 nmethod 5205 0x000001d416321310 code [0x000001d4163214c0, 0x000001d4163216b0]
Event: 10.187 Thread 0x000001d429913120 5232       4       java.lang.AbstractStringBuilder::append (54 bytes)
Event: 10.198 Thread 0x000001d429913120 nmethod 5232 0x000001d416321890 code [0x000001d416321a40, 0x000001d416322168]
Event: 10.198 Thread 0x000001d429913120 5272       4       java.util.regex.Matcher::replaceAll (59 bytes)
Event: 10.232 Thread 0x000001d429a5a3b0 nmethod 5202 0x000001d416322510 code [0x000001d416322980, 0x000001d416325df0]
Event: 10.233 Thread 0x000001d429a5a3b0 5307       4       java.lang.AbstractStringBuilder::append (67 bytes)
Event: 10.246 Thread 0x000001d429a5a3b0 nmethod 5307 0x000001d416328010 code [0x000001d4163281a0, 0x000001d416328858]
Event: 10.246 Thread 0x000001d429a5a3b0 5444       4       java.lang.Class::getDeclaredAnnotations (11 bytes)
Event: 10.260 Thread 0x000001d429a5a3b0 nmethod 5444 0x000001d416328b90 code [0x000001d416328d60, 0x000001d416329368]
Event: 10.260 Thread 0x000001d429a5a3b0 5191       4       org.springframework.core.annotation.TypeMappedAnnotations::isMappingForType (41 bytes)
Event: 10.279 Thread 0x000001d429a5a3b0 nmethod 5191 0x000001d416329690 code [0x000001d416329840, 0x000001d416329e98]
Event: 10.279 Thread 0x000001d429a5a3b0 5258       4       java.util.regex.Pattern$GroupTail::match (111 bytes)
Event: 10.283 Thread 0x000001d429a5a3b0 nmethod 5258 0x000001d41632a310 code [0x000001d41632a4a0, 0x000001d41632a718]
Event: 10.283 Thread 0x000001d429a5a3b0 5212       4       org.springframework.util.Assert::state (14 bytes)
Event: 10.285 Thread 0x000001d429a5a3b0 nmethod 5212 0x000001d41632a990 code [0x000001d41632ab00, 0x000001d41632ab78]
Event: 10.285 Thread 0x000001d429a5a3b0 5188       4       jdk.internal.org.objectweb.asm.MethodWriter::visitInsn (115 bytes)
Event: 10.297 Thread 0x000001d429915af0 5526 %     3       java.lang.PublicMethods$MethodList::filter @ 17 (104 bytes)

GC Heap History (20 events):
Event: 3.555 GC heap before
{Heap before GC invocations=2 (full 0):
 garbage-first heap   total 260096K, used 56864K [0x0000000703a00000, 0x0000000800000000)
  region size 2048K, 26 young (53248K), 2 survivors (4096K)
 Metaspace       used 21203K, committed 21504K, reserved 1114112K
  class space    used 2785K, committed 2944K, reserved 1048576K
}
Event: 3.563 GC heap after
{Heap after GC invocations=3 (full 0):
 garbage-first heap   total 260096K, used 13037K [0x0000000703a00000, 0x0000000800000000)
  region size 2048K, 3 young (6144K), 3 survivors (6144K)
 Metaspace       used 21203K, committed 21504K, reserved 1114112K
  class space    used 2785K, committed 2944K, reserved 1048576K
}
Event: 4.260 GC heap before
{Heap before GC invocations=4 (full 0):
 garbage-first heap   total 55296K, used 39661K [0x0000000703a00000, 0x0000000800000000)
  region size 2048K, 16 young (32768K), 3 survivors (6144K)
 Metaspace       used 24825K, committed 25152K, reserved 1114112K
  class space    used 3236K, committed 3392K, reserved 1048576K
}
Event: 4.268 GC heap after
{Heap after GC invocations=5 (full 0):
 garbage-first heap   total 55296K, used 16333K [0x0000000703a00000, 0x0000000800000000)
  region size 2048K, 2 young (4096K), 2 survivors (4096K)
 Metaspace       used 24825K, committed 25152K, reserved 1114112K
  class space    used 3236K, committed 3392K, reserved 1048576K
}
Event: 4.384 GC heap before
{Heap before GC invocations=5 (full 0):
 garbage-first heap   total 55296K, used 18381K [0x0000000703a00000, 0x0000000800000000)
  region size 2048K, 3 young (6144K), 2 survivors (4096K)
 Metaspace       used 24892K, committed 25216K, reserved 1114112K
  class space    used 3243K, committed 3392K, reserved 1048576K
}
Event: 4.390 GC heap after
{Heap after GC invocations=6 (full 0):
 garbage-first heap   total 55296K, used 17019K [0x0000000703a00000, 0x0000000800000000)
  region size 2048K, 1 young (2048K), 1 survivors (2048K)
 Metaspace       used 24892K, committed 25216K, reserved 1114112K
  class space    used 3243K, committed 3392K, reserved 1048576K
}
Event: 5.028 GC heap before
{Heap before GC invocations=6 (full 0):
 garbage-first heap   total 55296K, used 35451K [0x0000000703a00000, 0x0000000800000000)
  region size 2048K, 10 young (20480K), 1 survivors (2048K)
 Metaspace       used 25845K, committed 26176K, reserved 1114112K
  class space    used 3364K, committed 3520K, reserved 1048576K
}
Event: 5.031 GC heap after
{Heap after GC invocations=7 (full 0):
 garbage-first heap   total 55296K, used 17813K [0x0000000703a00000, 0x0000000800000000)
  region size 2048K, 1 young (2048K), 1 survivors (2048K)
 Metaspace       used 25845K, committed 26176K, reserved 1114112K
  class space    used 3364K, committed 3520K, reserved 1048576K
}
Event: 5.691 GC heap before
{Heap before GC invocations=7 (full 0):
 garbage-first heap   total 55296K, used 36245K [0x0000000703a00000, 0x0000000800000000)
  region size 2048K, 11 young (22528K), 1 survivors (2048K)
 Metaspace       used 28395K, committed 28736K, reserved 1114112K
  class space    used 3697K, committed 3840K, reserved 1048576K
}
Event: 5.694 GC heap after
{Heap after GC invocations=8 (full 0):
 garbage-first heap   total 55296K, used 19194K [0x0000000703a00000, 0x0000000800000000)
  region size 2048K, 2 young (4096K), 2 survivors (4096K)
 Metaspace       used 28395K, committed 28736K, reserved 1114112K
  class space    used 3697K, committed 3840K, reserved 1048576K
}
Event: 6.298 GC heap before
{Heap before GC invocations=8 (full 0):
 garbage-first heap   total 55296K, used 37626K [0x0000000703a00000, 0x0000000800000000)
  region size 2048K, 11 young (22528K), 2 survivors (4096K)
 Metaspace       used 30159K, committed 30400K, reserved 1114112K
  class space    used 3976K, committed 4096K, reserved 1048576K
}
Event: 6.304 GC heap after
{Heap after GC invocations=9 (full 0):
 garbage-first heap   total 55296K, used 20645K [0x0000000703a00000, 0x0000000800000000)
  region size 2048K, 2 young (4096K), 2 survivors (4096K)
 Metaspace       used 30159K, committed 30400K, reserved 1114112K
  class space    used 3976K, committed 4096K, reserved 1048576K
}
Event: 6.869 GC heap before
{Heap before GC invocations=9 (full 0):
 garbage-first heap   total 55296K, used 39077K [0x0000000703a00000, 0x0000000800000000)
  region size 2048K, 11 young (22528K), 2 survivors (4096K)
 Metaspace       used 33325K, committed 33728K, reserved 1114112K
  class space    used 4392K, committed 4608K, reserved 1048576K
}
Event: 6.875 GC heap after
{Heap after GC invocations=10 (full 0):
 garbage-first heap   total 55296K, used 22346K [0x0000000703a00000, 0x0000000800000000)
  region size 2048K, 2 young (4096K), 2 survivors (4096K)
 Metaspace       used 33325K, committed 33728K, reserved 1114112K
  class space    used 4392K, committed 4608K, reserved 1048576K
}
Event: 7.276 GC heap before
{Heap before GC invocations=10 (full 0):
 garbage-first heap   total 55296K, used 34634K [0x0000000703a00000, 0x0000000800000000)
  region size 2048K, 9 young (18432K), 2 survivors (4096K)
 Metaspace       used 35755K, committed 36096K, reserved 1114112K
  class space    used 4683K, committed 4864K, reserved 1048576K
}
Event: 7.281 GC heap after
{Heap after GC invocations=11 (full 0):
 garbage-first heap   total 55296K, used 23033K [0x0000000703a00000, 0x0000000800000000)
  region size 2048K, 2 young (4096K), 2 survivors (4096K)
 Metaspace       used 35755K, committed 36096K, reserved 1114112K
  class space    used 4683K, committed 4864K, reserved 1048576K
}
Event: 7.701 GC heap before
{Heap before GC invocations=12 (full 0):
 garbage-first heap   total 55296K, used 41465K [0x0000000703a00000, 0x0000000800000000)
  region size 2048K, 11 young (22528K), 2 survivors (4096K)
 Metaspace       used 36858K, committed 37248K, reserved 1114112K
  class space    used 4853K, committed 5056K, reserved 1048576K
}
Event: 7.707 GC heap after
{Heap after GC invocations=13 (full 0):
 garbage-first heap   total 55296K, used 23972K [0x0000000703a00000, 0x0000000800000000)
  region size 2048K, 1 young (2048K), 1 survivors (2048K)
 Metaspace       used 36858K, committed 37248K, reserved 1114112K
  class space    used 4853K, committed 5056K, reserved 1048576K
}
Event: 7.875 GC heap before
{Heap before GC invocations=13 (full 0):
 garbage-first heap   total 55296K, used 42404K [0x0000000703a00000, 0x0000000800000000)
  region size 2048K, 10 young (20480K), 1 survivors (2048K)
 Metaspace       used 36939K, committed 37312K, reserved 1114112K
  class space    used 4862K, committed 5056K, reserved 1048576K
}
Event: 7.878 GC heap after
{Heap after GC invocations=14 (full 0):
 garbage-first heap   total 157696K, used 24101K [0x0000000703a00000, 0x0000000800000000)
  region size 2048K, 1 young (2048K), 1 survivors (2048K)
 Metaspace       used 36939K, committed 37312K, reserved 1114112K
  class space    used 4862K, committed 5056K, reserved 1048576K
}

Dll operation events (13 events):
Event: 0.014 Loaded shared library C:\Users\Windows\.jdks\ms-17.0.15\bin\java.dll
Event: 0.046 Loaded shared library C:\Users\Windows\.jdks\ms-17.0.15\bin\jsvml.dll
Event: 0.517 Loaded shared library C:\Users\Windows\.jdks\ms-17.0.15\bin\zip.dll
Event: 0.522 Loaded shared library C:\Users\Windows\.jdks\ms-17.0.15\bin\instrument.dll
Event: 0.534 Loaded shared library C:\Users\Windows\.jdks\ms-17.0.15\bin\net.dll
Event: 0.537 Loaded shared library C:\Users\Windows\.jdks\ms-17.0.15\bin\nio.dll
Event: 0.543 Loaded shared library C:\Users\Windows\.jdks\ms-17.0.15\bin\zip.dll
Event: 0.995 Loaded shared library C:\Users\Windows\.jdks\ms-17.0.15\bin\extnet.dll
Event: 1.085 Loaded shared library C:\Users\Windows\.jdks\ms-17.0.15\bin\jimage.dll
Event: 1.664 Loaded shared library C:\Users\Windows\.jdks\ms-17.0.15\bin\management.dll
Event: 1.667 Loaded shared library C:\Users\Windows\.jdks\ms-17.0.15\bin\management_ext.dll
Event: 3.784 Loaded shared library C:\Users\Windows\.jdks\ms-17.0.15\bin\sunmscapi.dll
Event: 10.111 Loaded shared library C:\Users\Windows\.jdks\ms-17.0.15\bin\verify.dll

Deoptimization events (20 events):
Event: 10.144 Thread 0x000001d46f3cad20 Uncommon trap: trap_request=0xffffffbe fr.pc=0x000001d41630c2ec relative=0x0000000000003e0c
Event: 10.144 Thread 0x000001d46f3cad20 Uncommon trap: reason=profile_predicate action=maybe_recompile pc=0x000001d41630c2ec method=java.lang.PublicMethods$MethodList.filter([Ljava/lang/reflect/Method;Ljava/lang/String;[Ljava/lang/Class;Z)Ljava/lang/PublicMethods$MethodList; @ 21 c2
Event: 10.144 Thread 0x000001d46f3cad20 DEOPT PACKING pc=0x000001d41630c2ec sp=0x00000010e3bfbdf0
Event: 10.144 Thread 0x000001d46f3cad20 DEOPT UNPACKING pc=0x000001d415aa69a3 sp=0x00000010e3bfbd38 mode 2
Event: 10.146 Thread 0x000001d46f3cad20 Uncommon trap: trap_request=0xffffffbe fr.pc=0x000001d41630c2ec relative=0x0000000000003e0c
Event: 10.146 Thread 0x000001d46f3cad20 Uncommon trap: reason=profile_predicate action=maybe_recompile pc=0x000001d41630c2ec method=java.lang.PublicMethods$MethodList.filter([Ljava/lang/reflect/Method;Ljava/lang/String;[Ljava/lang/Class;Z)Ljava/lang/PublicMethods$MethodList; @ 21 c2
Event: 10.147 Thread 0x000001d46f3cad20 DEOPT PACKING pc=0x000001d41630c2ec sp=0x00000010e3bfbdd0
Event: 10.147 Thread 0x000001d46f3cad20 DEOPT UNPACKING pc=0x000001d415aa69a3 sp=0x00000010e3bfbd18 mode 2
Event: 10.221 Thread 0x000001d46f3cad20 Uncommon trap: trap_request=0xffffffbe fr.pc=0x000001d41630c2ec relative=0x0000000000003e0c
Event: 10.221 Thread 0x000001d46f3cad20 Uncommon trap: reason=profile_predicate action=maybe_recompile pc=0x000001d41630c2ec method=java.lang.PublicMethods$MethodList.filter([Ljava/lang/reflect/Method;Ljava/lang/String;[Ljava/lang/Class;Z)Ljava/lang/PublicMethods$MethodList; @ 21 c2
Event: 10.221 Thread 0x000001d46f3cad20 DEOPT PACKING pc=0x000001d41630c2ec sp=0x00000010e3bfab20
Event: 10.221 Thread 0x000001d46f3cad20 DEOPT UNPACKING pc=0x000001d415aa69a3 sp=0x00000010e3bfaa68 mode 2
Event: 10.221 Thread 0x000001d46f3cad20 Uncommon trap: trap_request=0xffffffbe fr.pc=0x000001d41630c2ec relative=0x0000000000003e0c
Event: 10.221 Thread 0x000001d46f3cad20 Uncommon trap: reason=profile_predicate action=maybe_recompile pc=0x000001d41630c2ec method=java.lang.PublicMethods$MethodList.filter([Ljava/lang/reflect/Method;Ljava/lang/String;[Ljava/lang/Class;Z)Ljava/lang/PublicMethods$MethodList; @ 21 c2
Event: 10.221 Thread 0x000001d46f3cad20 DEOPT PACKING pc=0x000001d41630c2ec sp=0x00000010e3bfab10
Event: 10.221 Thread 0x000001d46f3cad20 DEOPT UNPACKING pc=0x000001d415aa69a3 sp=0x00000010e3bfaa58 mode 2
Event: 10.287 Thread 0x000001d46f3cad20 Uncommon trap: trap_request=0xffffffbe fr.pc=0x000001d4162645b4 relative=0x0000000000000774
Event: 10.287 Thread 0x000001d46f3cad20 Uncommon trap: reason=profile_predicate action=maybe_recompile pc=0x000001d4162645b4 method=java.lang.PublicMethods$MethodList.filter([Ljava/lang/reflect/Method;Ljava/lang/String;[Ljava/lang/Class;Z)Ljava/lang/PublicMethods$MethodList; @ 21 c2
Event: 10.287 Thread 0x000001d46f3cad20 DEOPT PACKING pc=0x000001d4162645b4 sp=0x00000010e3bfaba0
Event: 10.287 Thread 0x000001d46f3cad20 DEOPT UNPACKING pc=0x000001d415aa69a3 sp=0x00000010e3bfab78 mode 2

Classes loaded (20 events):
Event: 9.048 Loading class java/util/concurrent/Executors$DelegatedExecutorService done
Event: 9.048 Loading class java/util/concurrent/Executors$FinalizableDelegatedExecutorService done
Event: 9.363 Loading class java/lang/instrument/ClassFileTransformer
Event: 9.364 Loading class java/lang/instrument/ClassFileTransformer done
Event: 10.016 Loading class javax/xml/stream/XMLEventReader
Event: 10.016 Loading class javax/xml/stream/XMLEventReader done
Event: 10.017 Loading class javax/xml/stream/XMLResolver
Event: 10.018 Loading class javax/xml/stream/XMLResolver done
Event: 10.035 Loading class javax/xml/stream/XMLEventFactory
Event: 10.035 Loading class javax/xml/stream/XMLEventFactory done
Event: 10.035 Loading class javax/xml/stream/FactoryFinder
Event: 10.036 Loading class javax/xml/stream/FactoryFinder done
Event: 10.037 Loading class javax/xml/stream/FactoryFinder$1
Event: 10.037 Loading class javax/xml/stream/FactoryFinder$1 done
Event: 10.039 Loading class com/sun/xml/internal/stream/events/XMLEventFactoryImpl
Event: 10.040 Loading class com/sun/xml/internal/stream/events/XMLEventFactoryImpl done
Event: 10.146 Loading class java/lang/Process
Event: 10.146 Loading class java/lang/Process done
Event: 10.198 Loading class java/lang/reflect/GenericSignatureFormatError
Event: 10.198 Loading class java/lang/reflect/GenericSignatureFormatError done

Classes unloaded (0 events):
No events

Classes redefined (0 events):
No events

Internal exceptions (20 events):
Event: 7.551 Thread 0x000001d46f3cad20 Exception <a 'java/lang/NoSuchMethodError'{0x00000007064969f0}: 'void java.lang.invoke.DirectMethodHandle$Holder.invokeStatic(java.lang.Object, int, java.lang.Object)'> (0x00000007064969f0) 
thrown [s\src\hotspot\share\interpreter\linkResolver.cpp, line 759]
Event: 7.559 Thread 0x000001d46f3cad20 Exception <a 'java/lang/NoSuchMethodError'{0x00000007064d2290}: 'void java.lang.invoke.DirectMethodHandle$Holder.invokeVirtual(java.lang.Object, java.lang.Object, int)'> (0x00000007064d2290) 
thrown [s\src\hotspot\share\interpreter\linkResolver.cpp, line 759]
Event: 7.560 Thread 0x000001d46f3cad20 Exception <a 'java/lang/NoSuchMethodError'{0x00000007064d8478}: 'void java.lang.invoke.DirectMethodHandle$Holder.invokeStatic(java.lang.Object, java.lang.Object, java.lang.Object, int, java.lang.Object)'> (0x00000007064d8478) 
thrown [s\src\hotspot\share\interpreter\linkResolver.cpp, line 759]
Event: 7.561 Thread 0x000001d46f3cad20 Exception <a 'java/lang/NoSuchMethodError'{0x00000007064df980}: 'java.lang.Object java.lang.invoke.DirectMethodHandle$Holder.newInvokeSpecial(java.lang.Object, java.lang.Object, java.lang.Object, int)'> (0x00000007064df980) 
thrown [s\src\hotspot\share\interpreter\linkResolver.cpp, line 759]
Event: 7.561 Thread 0x000001d46f3cad20 Exception <a 'java/lang/NoSuchMethodError'{0x00000007064e3c68}: 'java.lang.Object java.lang.invoke.DirectMethodHandle$Holder.invokeSpecial(java.lang.Object, java.lang.Object, java.lang.Object, java.lang.Object, int)'> (0x00000007064e3c68) 
thrown [s\src\hotspot\share\interpreter\linkResolver.cpp, line 759]
Event: 7.562 Thread 0x000001d46f3cad20 Exception <a 'java/lang/NoSuchMethodError'{0x00000007064e7830}: 'java.lang.Object java.lang.invoke.Invokers$Holder.linkToTargetMethod(java.lang.Object, java.lang.Object, int, java.lang.Object)'> (0x00000007064e7830) 
thrown [s\src\hotspot\share\interpreter\linkResolver.cpp, line 759]
Event: 7.917 Thread 0x000001d46f3cad20 Exception <a 'java/lang/NoSuchMethodError'{0x0000000713720ed8}: 'java.lang.Object java.lang.invoke.DirectMethodHandle$Holder.invokeStaticInit(java.lang.Object, int, int, int, int)'> (0x0000000713720ed8) 
thrown [s\src\hotspot\share\interpreter\linkResolver.cpp, line 759]
Event: 8.016 Thread 0x000001d46f3cad20 Exception <a 'java/lang/NoSuchMethodError'{0x0000000713789f98}: 'java.lang.Object java.lang.invoke.DirectMethodHandle$Holder.invokeStaticInit(java.lang.Object, java.lang.Object, int, int, int, int)'> (0x0000000713789f98) 
thrown [s\src\hotspot\share\interpreter\linkResolver.cpp, line 759]
Event: 8.277 Thread 0x000001d46f3cad20 Exception <a 'java/lang/NoSuchMethodError'{0x000000070c8412e8}: 'java.lang.Object java.lang.invoke.DirectMethodHandle$Holder.invokeSpecial(java.lang.Object, java.lang.Object, long, java.lang.Object, java.lang.Object, java.lang.Object, java.lang.Object, java.lang.Object, java.lang.Object)'> (0x000000070c8412e8) 
thrown [s\src\hotspot\share\interpreter\linkResolver.cpp, line 759]
Event: 8.278 Thread 0x000001d46f3cad20 Exception <a 'java/lang/NoSuchMethodError'{0x000000070c845e10}: 'java.lang.Object java.lang.invoke.DelegatingMethodHandle$Holder.reinvoke_L(java.lang.Object, long, java.lang.Object, java.lang.Object, java.lang.Object, java.lang.Object, java.lang.Object, java.lang.Object)'> (0x000000070c845e10) 
thrown [s\src\hotspot\share\interpreter\linkResolver.cpp, line 759]
Event: 8.334 Thread 0x000001d46f3cad20 Implicit null exception at 0x000001d4160d1220 to 0x000001d4160d43b8
Event: 8.355 Thread 0x000001d46f3cad20 Exception <a 'java/io/FileNotFoundException'{0x000000070c9901c0}> (0x000000070c9901c0) 
thrown [s\src\hotspot\share\prims\jni.cpp, line 516]
Event: 8.397 Thread 0x000001d46f3cad20 Exception <a 'java/lang/NoSuchMethodError'{0x000000070c75aa20}: 'int java.lang.invoke.DirectMethodHandle$Holder.invokeInterface(java.lang.Object, java.lang.Object, java.lang.Object, java.lang.Object)'> (0x000000070c75aa20) 
thrown [s\src\hotspot\share\interpreter\linkResolver.cpp, line 759]
Event: 8.550 Thread 0x000001d46f3cad20 Exception <a 'java/lang/NoSuchMethodError'{0x000000070c085868}: 'java.lang.Object java.lang.invoke.DirectMethodHandle$Holder.invokeStaticInit(java.lang.Object, java.lang.Object, java.lang.Object, java.lang.Object)'> (0x000000070c085868) 
thrown [s\src\hotspot\share\interpreter\linkResolver.cpp, line 759]
Event: 8.553 Thread 0x000001d46f3cad20 Exception <a 'java/lang/IncompatibleClassChangeError'{0x000000070c098590}: Found class java.lang.Object, but interface was expected> (0x000000070c098590) 
thrown [s\src\hotspot\share\interpreter\linkResolver.cpp, line 826]
Event: 8.555 Thread 0x000001d46f3cad20 Exception <a 'java/lang/IncompatibleClassChangeError'{0x000000070c0bdd58}: Found class java.lang.Object, but interface was expected> (0x000000070c0bdd58) 
thrown [s\src\hotspot\share\interpreter\linkResolver.cpp, line 826]
Event: 8.564 Thread 0x000001d46f3cad20 Exception <a 'java/lang/IncompatibleClassChangeError'{0x000000070c0ec880}: Found class java.lang.Object, but interface was expected> (0x000000070c0ec880) 
thrown [s\src\hotspot\share\interpreter\linkResolver.cpp, line 826]
Event: 8.918 Thread 0x000001d46f3cad20 Exception <a 'java/lang/NoSuchMethodError'{0x000000070ab9aab8}: 'long java.lang.invoke.DirectMethodHandle$Holder.invokeVirtual(java.lang.Object, java.lang.Object)'> (0x000000070ab9aab8) 
thrown [s\src\hotspot\share\interpreter\linkResolver.cpp, line 759]
Event: 8.923 Thread 0x000001d46f3cad20 Exception <a 'java/io/FileNotFoundException'{0x000000070abc7148}> (0x000000070abc7148) 
thrown [s\src\hotspot\share\prims\jni.cpp, line 516]
Event: 9.271 Thread 0x000001d46f3cad20 Implicit null exception at 0x000001d41622b977 to 0x000001d41622bc78

VM Operations (20 events):
Event: 7.875 Executing VM operation: G1CollectForAllocation
Event: 7.878 Executing VM operation: G1CollectForAllocation done
Event: 8.173 Executing VM operation: HandshakeAllThreads
Event: 8.173 Executing VM operation: HandshakeAllThreads done
Event: 8.323 Executing VM operation: HandshakeAllThreads
Event: 8.324 Executing VM operation: HandshakeAllThreads done
Event: 8.674 Executing VM operation: ICBufferFull
Event: 8.674 Executing VM operation: ICBufferFull done
Event: 8.878 Executing VM operation: HandshakeAllThreads
Event: 8.878 Executing VM operation: HandshakeAllThreads done
Event: 8.879 Executing VM operation: HandshakeAllThreads
Event: 8.879 Executing VM operation: HandshakeAllThreads done
Event: 8.927 Executing VM operation: HandshakeAllThreads
Event: 8.927 Executing VM operation: HandshakeAllThreads done
Event: 9.049 Executing VM operation: HandshakeAllThreads
Event: 9.049 Executing VM operation: HandshakeAllThreads done
Event: 9.191 Executing VM operation: HandshakeAllThreads
Event: 9.191 Executing VM operation: HandshakeAllThreads done
Event: 10.197 Executing VM operation: Cleanup
Event: 10.197 Executing VM operation: Cleanup done

Memory protections (0 events):
No events

Nmethod flushes (20 events):
Event: 7.235 Thread 0x000001d429923430 flushing  nmethod 0x000001d40ed25110
Event: 7.235 Thread 0x000001d429923430 flushing  nmethod 0x000001d40ed32310
Event: 7.235 Thread 0x000001d429923430 flushing  nmethod 0x000001d40ed3a390
Event: 7.235 Thread 0x000001d429923430 flushing  nmethod 0x000001d40ed87110
Event: 7.235 Thread 0x000001d429923430 flushing  nmethod 0x000001d40ed8b290
Event: 7.235 Thread 0x000001d429923430 flushing  nmethod 0x000001d40ed91e10
Event: 7.235 Thread 0x000001d429923430 flushing  nmethod 0x000001d40ed93210
Event: 7.235 Thread 0x000001d429923430 flushing  nmethod 0x000001d40ed94310
Event: 7.235 Thread 0x000001d429923430 flushing osr nmethod 0x000001d40eda3e10
Event: 7.236 Thread 0x000001d429923430 flushing  nmethod 0x000001d40edf3990
Event: 7.236 Thread 0x000001d429923430 flushing  nmethod 0x000001d40ee11710
Event: 7.236 Thread 0x000001d429923430 flushing  nmethod 0x000001d40ee1bd10
Event: 7.236 Thread 0x000001d429923430 flushing  nmethod 0x000001d40ee22890
Event: 7.236 Thread 0x000001d429923430 flushing  nmethod 0x000001d40ee89810
Event: 7.236 Thread 0x000001d429923430 flushing  nmethod 0x000001d40ee8a110
Event: 7.236 Thread 0x000001d429923430 flushing  nmethod 0x000001d40ee8c910
Event: 7.236 Thread 0x000001d429923430 flushing  nmethod 0x000001d40ee8cc90
Event: 7.236 Thread 0x000001d429923430 flushing  nmethod 0x000001d40ee9b210
Event: 7.237 Thread 0x000001d429923430 flushing  nmethod 0x000001d40eeed790
Event: 7.237 Thread 0x000001d429923430 flushing  nmethod 0x000001d40ef00f10

Events (20 events):
Event: 0.068 Thread 0x000001d4069e8fc0 Thread added: 0x000001d429911ba0
Event: 0.068 Thread 0x000001d4069e8fc0 Thread added: 0x000001d429912470
Event: 0.068 Thread 0x000001d4069e8fc0 Thread added: 0x000001d429913120
Event: 0.069 Thread 0x000001d4069e8fc0 Thread added: 0x000001d429915af0
Event: 0.069 Thread 0x000001d4069e8fc0 Thread added: 0x000001d429923430
Event: 0.418 Thread 0x000001d4069e8fc0 Thread added: 0x000001d429a23a00
Event: 0.498 Thread 0x000001d429915af0 Thread added: 0x000001d429a5a3b0
Event: 0.972 Thread 0x000001d4069e8fc0 Thread added: 0x000001d429ae5f70
Event: 0.972 Thread 0x000001d4069e8fc0 Thread added: 0x000001d429ae6450
Event: 1.754 Thread 0x000001d4069e8fc0 Thread added: 0x000001d46f807390
Event: 1.758 Thread 0x000001d46f807390 Thread added: 0x000001d46f3cad20
Event: 2.595 Thread 0x000001d46f3cad20 Thread added: 0x000001d46fdf1aa0
Event: 2.847 Thread 0x000001d429915af0 Thread added: 0x000001d4701aea90
Event: 3.583 Thread 0x000001d46f3cad20 Thread added: 0x000001d46ff75a80
Event: 3.823 Thread 0x000001d46fdf1aa0 Thread exited: 0x000001d46fdf1aa0
Event: 3.832 Thread 0x000001d46ff75a80 Thread exited: 0x000001d46ff75a80
Event: 8.944 Thread 0x000001d46f3cad20 Thread added: 0x000001d46ff75060
Event: 8.946 Thread 0x000001d46ff75060 Thread added: 0x000001d46ff75570
Event: 8.955 Thread 0x000001d46f3cad20 Thread added: 0x000001d46ff769b0
Event: 9.049 Thread 0x000001d46f3cad20 Thread added: 0x000001d46ff75a80


Dynamic libraries:
0x00007ff7d08e0000 - 0x00007ff7d08ee000 	C:\Users\Windows\.jdks\ms-17.0.15\bin\java.exe
0x00007ff9b2880000 - 0x00007ff9b2ae8000 	C:\Windows\SYSTEM32\ntdll.dll
0x00007ff9b0db0000 - 0x00007ff9b0e79000 	C:\Windows\System32\KERNEL32.DLL
0x00007ff9afab0000 - 0x00007ff9afea8000 	C:\Windows\System32\KERNELBASE.dll
0x00007ff9aff60000 - 0x00007ff9b00ab000 	C:\Windows\System32\ucrtbase.dll
0x00007ff9a71a0000 - 0x00007ff9a71b7000 	C:\Users\Windows\.jdks\ms-17.0.15\bin\jli.dll
0x00007ff9b1090000 - 0x00007ff9b1257000 	C:\Windows\System32\USER32.dll
0x00007ff999300000 - 0x00007ff99931d000 	C:\Users\Windows\.jdks\ms-17.0.15\bin\VCRUNTIME140.dll
0x00007ff9982e0000 - 0x00007ff998574000 	C:\Windows\WinSxS\amd64_microsoft.windows.common-controls_6595b64144ccf1df_6.0.26100.7019_none_3e06ffa0e335b8a8\COMCTL32.dll
0x00007ff9afa80000 - 0x00007ff9afaa7000 	C:\Windows\System32\win32u.dll
0x00007ff9b23d0000 - 0x00007ff9b2479000 	C:\Windows\System32\msvcrt.dll
0x00007ff9b0d80000 - 0x00007ff9b0dab000 	C:\Windows\System32\GDI32.dll
0x00007ff9b00b0000 - 0x00007ff9b01dc000 	C:\Windows\System32\gdi32full.dll
0x00007ff9afeb0000 - 0x00007ff9aff53000 	C:\Windows\System32\msvcp_win.dll
0x00007ff9b2390000 - 0x00007ff9b23c1000 	C:\Windows\System32\IMM32.DLL
0x00007ff99c730000 - 0x00007ff99c73c000 	C:\Users\Windows\.jdks\ms-17.0.15\bin\vcruntime140_1.dll
0x00007ff999270000 - 0x00007ff9992fd000 	C:\Users\Windows\.jdks\ms-17.0.15\bin\msvcp140.dll
0x00007ff97ca30000 - 0x00007ff97d6a2000 	C:\Users\Windows\.jdks\ms-17.0.15\bin\server\jvm.dll
0x00007ff9b1f50000 - 0x00007ff9b2004000 	C:\Windows\System32\ADVAPI32.dll
0x00007ff9b2480000 - 0x00007ff9b2526000 	C:\Windows\System32\sechost.dll
0x00007ff9b18e0000 - 0x00007ff9b19f8000 	C:\Windows\System32\RPCRT4.dll
0x00007ff9b1e10000 - 0x00007ff9b1e84000 	C:\Windows\System32\WS2_32.dll
0x00007ff99c640000 - 0x00007ff99c675000 	C:\Windows\SYSTEM32\WINMM.dll
0x00007ff99e660000 - 0x00007ff99e66b000 	C:\Windows\SYSTEM32\VERSION.dll
0x00007ff9af830000 - 0x00007ff9af88e000 	C:\Windows\SYSTEM32\POWRPROF.dll
0x00007ff9af810000 - 0x00007ff9af824000 	C:\Windows\SYSTEM32\UMPDC.dll
0x00007ff9ae750000 - 0x00007ff9ae76b000 	C:\Windows\SYSTEM32\kernel.appcore.dll
0x00007ff999260000 - 0x00007ff99926a000 	C:\Users\Windows\.jdks\ms-17.0.15\bin\jimage.dll
0x00007ff9acff0000 - 0x00007ff9ad232000 	C:\Windows\SYSTEM32\DBGHELP.DLL
0x00007ff9b1a80000 - 0x00007ff9b1e0b000 	C:\Windows\System32\combase.dll
0x00007ff9b1370000 - 0x00007ff9b1447000 	C:\Windows\System32\OLEAUT32.dll
0x00007ff99b750000 - 0x00007ff99b78c000 	C:\Windows\SYSTEM32\dbgcore.DLL
0x00007ff9af9d0000 - 0x00007ff9afa75000 	C:\Windows\System32\bcryptPrimitives.dll
0x00007ff99b0d0000 - 0x00007ff99b0de000 	C:\Users\Windows\.jdks\ms-17.0.15\bin\instrument.dll
0x00007ff999230000 - 0x00007ff999255000 	C:\Users\Windows\.jdks\ms-17.0.15\bin\java.dll
0x00007ff984ba0000 - 0x00007ff984c76000 	C:\Users\Windows\.jdks\ms-17.0.15\bin\jsvml.dll
0x00007ff9b0620000 - 0x00007ff9b0d6f000 	C:\Windows\System32\SHELL32.dll
0x00007ff9b04b0000 - 0x00007ff9b061b000 	C:\Windows\System32\wintypes.dll
0x00007ff9ad5b0000 - 0x00007ff9ade0d000 	C:\Windows\SYSTEM32\windows.storage.dll
0x00007ff9b1260000 - 0x00007ff9b1352000 	C:\Windows\System32\SHCORE.dll
0x00007ff9b1ee0000 - 0x00007ff9b1f47000 	C:\Windows\System32\shlwapi.dll
0x00007ff9af8f0000 - 0x00007ff9af919000 	C:\Windows\SYSTEM32\profapi.dll
0x00007ff987110000 - 0x00007ff987128000 	C:\Users\Windows\.jdks\ms-17.0.15\bin\zip.dll
0x00007ff999200000 - 0x00007ff99921a000 	C:\Users\Windows\.jdks\ms-17.0.15\bin\net.dll
0x00007ff9a4aa0000 - 0x00007ff9a4bc8000 	C:\Windows\SYSTEM32\WINHTTP.dll
0x00007ff9aeca0000 - 0x00007ff9aed0b000 	C:\Windows\system32\mswsock.dll
0x00007ff98c200000 - 0x00007ff98c216000 	C:\Users\Windows\.jdks\ms-17.0.15\bin\nio.dll
0x00007ff999ea0000 - 0x00007ff999ea9000 	C:\Users\Windows\.jdks\ms-17.0.15\bin\extnet.dll
0x00007ff999e90000 - 0x00007ff999e9a000 	C:\Users\Windows\.jdks\ms-17.0.15\bin\management.dll
0x00007ff999e80000 - 0x00007ff999e8b000 	C:\Users\Windows\.jdks\ms-17.0.15\bin\management_ext.dll
0x00007ff9b2160000 - 0x00007ff9b2168000 	C:\Windows\System32\PSAPI.DLL
0x00007ff99b0c0000 - 0x00007ff99b0ce000 	C:\Users\Windows\.jdks\ms-17.0.15\bin\sunmscapi.dll
0x00007ff9b02a0000 - 0x00007ff9b0417000 	C:\Windows\System32\CRYPT32.dll
0x00007ff9af1e0000 - 0x00007ff9af210000 	C:\Windows\SYSTEM32\ncrypt.dll
0x00007ff9af190000 - 0x00007ff9af1cf000 	C:\Windows\SYSTEM32\NTASN1.dll
0x00007ff9af090000 - 0x00007ff9af0ab000 	C:\Windows\SYSTEM32\CRYPTSP.dll
0x00007ff9ae6b0000 - 0x00007ff9ae6ea000 	C:\Windows\system32\rsaenh.dll
0x00007ff9aed50000 - 0x00007ff9aed7b000 	C:\Windows\SYSTEM32\USERENV.dll
0x00007ff9af8c0000 - 0x00007ff9af8ea000 	C:\Windows\SYSTEM32\bcrypt.dll
0x00007ff9af070000 - 0x00007ff9af07c000 	C:\Windows\SYSTEM32\CRYPTBASE.dll
0x00007ff9ae190000 - 0x00007ff9ae1c4000 	C:\Windows\SYSTEM32\IPHLPAPI.DLL
0x00007ff9b1360000 - 0x00007ff9b136a000 	C:\Windows\System32\NSI.dll
0x00007ff9a54c0000 - 0x00007ff9a54de000 	C:\Windows\SYSTEM32\dhcpcsvc6.DLL
0x00007ff9a5490000 - 0x00007ff9a54b3000 	C:\Windows\SYSTEM32\dhcpcsvc.DLL
0x00007ff9ae230000 - 0x00007ff9ae35c000 	C:\Windows\SYSTEM32\DNSAPI.dll
0x00007ff999eb0000 - 0x00007ff999ec0000 	C:\Users\Windows\.jdks\ms-17.0.15\bin\verify.dll

dbghelp: loaded successfully - version: 4.0.5 - missing functions: none
symbol engine: initialized successfully - sym options: 0x614 - pdb path: .;C:\Users\Windows\.jdks\ms-17.0.15\bin;C:\Windows\SYSTEM32;C:\Windows\WinSxS\amd64_microsoft.windows.common-controls_6595b64144ccf1df_6.0.26100.7019_none_3e06ffa0e335b8a8;C:\Users\Windows\.jdks\ms-17.0.15\bin\server

VM Arguments:
jvm_args: -javaagent:C:\Program Files\JetBrains\IntelliJ IDEA Community Edition 2025.1\lib\idea_rt.jar=64892 -Dfile.encoding=UTF-8 
java_command: com.example.BE.BeApplication
java_class_path (initial): D:\PROJECT\Job_Portal\JobPortal\BE\target\classes;C:\Users\Windows\.m2\repository\org\springframework\boot\spring-boot-starter-web\3.2.4\spring-boot-starter-web-3.2.4.jar;C:\Users\Windows\.m2\repository\org\springframework\boot\spring-boot-starter\3.2.4\spring-boot-starter-3.2.4.jar;C:\Users\Windows\.m2\repository\org\springframework\boot\spring-boot-starter-logging\3.2.4\spring-boot-starter-logging-3.2.4.jar;C:\Users\Windows\.m2\repository\ch\qos\logback\logback-classic\1.4.14\logback-classic-1.4.14.jar;C:\Users\Windows\.m2\repository\ch\qos\logback\logback-core\1.4.14\logback-core-1.4.14.jar;C:\Users\Windows\.m2\repository\org\apache\logging\log4j\log4j-to-slf4j\2.21.1\log4j-to-slf4j-2.21.1.jar;C:\Users\Windows\.m2\repository\org\apache\logging\log4j\log4j-api\2.21.1\log4j-api-2.21.1.jar;C:\Users\Windows\.m2\repository\org\slf4j\jul-to-slf4j\2.0.12\jul-to-slf4j-2.0.12.jar;C:\Users\Windows\.m2\repository\jakarta\annotation\jakarta.annotation-api\2.1.1\jakarta.annotation-api-2.1.1.jar;C:\Users\Windows\.m2\repository\org\yaml\snakeyaml\2.2\snakeyaml-2.2.jar;C:\Users\Windows\.m2\repository\org\springframework\boot\spring-boot-starter-json\3.2.4\spring-boot-starter-json-3.2.4.jar;C:\Users\Windows\.m2\repository\com\fasterxml\jackson\datatype\jackson-datatype-jdk8\2.15.4\jackson-datatype-jdk8-2.15.4.jar;C:\Users\Windows\.m2\repository\com\fasterxml\jackson\datatype\jackson-datatype-jsr310\2.15.4\jackson-datatype-jsr310-2.15.4.jar;C:\Users\Windows\.m2\repository\org\springframework\boot\spring-boot-starter-tomcat\3.2.4\spring-boot-starter-tomcat-3.2.4.jar;C:\Users\Windows\.m2\repository\org\apache\tomcat\embed\tomcat-embed-core\10.1.19\tomcat-embed-core-10.1.19.jar;C:\Users\Windows\.m2\repository\org\apache\tomcat\embed\tomcat-embed-websocket\10.1.19\tomcat-embed-websocket-10.1.19.jar;C:\Users\Windows\.m2\repository\org\springframework\spring-web\6.1.5\spring-web-6.1.5.jar;C:\Users\Windows\.m2\repository\org\springframework\spring-beans\6.1.5
Launcher Type: SUN_STANDARD

[Global flags]
     intx CICompilerCount                          = 4                                         {product} {ergonomic}
     uint ConcGCThreads                            = 2                                         {product} {ergonomic}
     uint G1ConcRefinementThreads                  = 8                                         {product} {ergonomic}
   size_t G1HeapRegionSize                         = 2097152                                   {product} {ergonomic}
    uintx GCDrainStackTargetSize                   = 64                                        {product} {ergonomic}
   size_t InitialHeapSize                          = 266338304                                 {product} {ergonomic}
   size_t MarkStackSize                            = 4194304                                   {product} {ergonomic}
   size_t MaxHeapSize                              = 4234149888                                {product} {ergonomic}
   size_t MaxNewSize                               = 2539651072                                {product} {ergonomic}
   size_t MinHeapDeltaBytes                        = 2097152                                   {product} {ergonomic}
   size_t MinHeapSize                              = 8388608                                   {product} {ergonomic}
    uintx NonNMethodCodeHeapSize                   = 5839372                                {pd product} {ergonomic}
    uintx NonProfiledCodeHeapSize                  = 122909434                              {pd product} {ergonomic}
    uintx ProfiledCodeHeapSize                     = 122909434                              {pd product} {ergonomic}
    uintx ReservedCodeCacheSize                    = 251658240                              {pd product} {ergonomic}
     bool SegmentedCodeCache                       = true                                      {product} {ergonomic}
   size_t SoftMaxHeapSize                          = 4234149888                             {manageable} {ergonomic}
     bool UseCompressedClassPointers               = true                           {product lp64_product} {ergonomic}
     bool UseCompressedOops                        = true                           {product lp64_product} {ergonomic}
     bool UseG1GC                                  = true                                      {product} {ergonomic}
     bool UseLargePagesIndividualAllocation        = false                                  {pd product} {ergonomic}

Logging:
Log output configuration:
 #0: stdout all=warning uptime,level,tags
 #1: stderr all=off uptime,level,tags

Environment Variables:
JAVA_HOME=C:\Program Files\Eclipse Adoptium\jdk-25.0.2.10-hotspot
PATH=C:\Program Files\Eclipse Adoptium\jdk-25.0.2.10-hotspot\bin;C:\Windows\system32;C:\Windows;C:\Windows\System32\Wbem;C:\Windows\System32\WindowsPowerShell\v1.0\;C:\Windows\System32\OpenSSH\;C:\Program Files\dotnet\;C:\Program Files (x86)\Microsoft SQL Server\160\Tools\Binn\;C:\Program Files\Microsoft SQL Server\160\Tools\Binn\;C:\Program Files\Microsoft SQL Server\Client SDK\ODBC\170\Tools\Binn\;C:\Program Files\Git\cmd;C:\Program Files\Microsoft SQL Server\160\DTS\Binn\;C:\MAVEN\apache-maven-3.9.9-bin\apache-maven-3.9.9\bin;C:\GRADLE\gradle-8.14-bin\gradle-8.14\bin;D:\PHP\php-8.4.12-nts-Win32-vs17-x64;C:\Program Files\nodejs\;C:\Program Files\Docker\Docker\resources\bin;C:\ProgramData\chocolatey\bin;C:\Program Files\OpenSSL-Win64\bin;C:\Program Files (x86)\Tesseract-OCR;D:\putty\;C:\Users\Windows\.local\bin;C:\Users\Windows\AppData\Local\Programs\Python\Python313\Scripts\;C:\Users\Windows\AppData\Local\Programs\Python\Python313\;C:\Users\Windows\AppData\Local\Programs\Python\Launcher\;C:\Users\Windows\AppData\Local\Microsoft\WindowsApps;C:\Users\Windows\AppData\Local\Programs\Microsoft VS Code\bin;C:\Program Files\JetBrains\IntelliJ IDEA Community Edition 2025.1\bin;;C:\Users\Windows\AppData\Roaming\npm;C:\Users\Windows\.dotnet\tools;C:\Users\Windows\AppData\Local\Programs\Warp\bin;C:\Users\Windows\AppData\Local\Programs\Antigravity\bin;C:\Users\Windows\.lmstudio\bin
USERNAME=Windows
OS=Windows_NT
PROCESSOR_IDENTIFIER=Intel64 Family 6 Model 142 Stepping 12, GenuineIntel
TMP=C:\Users\Windows\AppData\Local\Temp
TEMP=C:\Users\Windows\AppData\Local\Temp



Periodic native trim disabled


---------------  S Y S T E M  ---------------

OS:
 Windows 11 , 64 bit Build 26100 (10.0.26100.7019)
OS uptime: 0 days 0:49 hours
Hyper-V role detected

CPU: total 8 (initial active 8) (4 cores per cpu, 2 threads per core) family 6 model 142 stepping 12 microcode 0xfc, cx8, cmov, fxsr, ht, mmx, 3dnowpref, sse, sse2, sse3, ssse3, sse4.1, sse4.2, popcnt, lzcnt, tsc, tscinvbit, avx, avx2, aes, erms, clmul, bmi1, bmi2, adx, fma, vzeroupper, clflush, clflushopt, hv
Processor Information for the first 8 processors :
  Max Mhz: 2112, Current Mhz: 1609, Mhz Limit: 1605

Memory: 4k page, system-wide physical 16144M (789M free)
TotalPageFile size 18192M (AvailPageFile size 23M)
current process WorkingSet (physical memory assigned to process): 319M, peak: 321M
current process commit charge ("private bytes"): 387M, peak: 408M

vm_info: OpenJDK 64-Bit Server VM (17.0.15+6-LTS) for windows-amd64 JRE (17.0.15+6-LTS), built on Apr  9 2025 22:27:25 by "MicrosoftCorporation" with unknown MS VC++:1939

END.
